<?xml version="1.0"?>
<link_info>
   <banner>MSP430 Linker PC v4.4.5</banner>
   <copyright>Copyright (c) 2003-2015 Texas Instruments Incorporated</copyright>
   <link_time>0x5c9b49dd</link_time>
   <link_errors>0x0</link_errors>
   <output_file>example10.out</output_file>
   <entry_point>
      <name>_c_int00_noargs_noexit</name>
      <address>0x2100</address>
   </entry_point>
   <input_file_list>
      <input_file id="fl-2">
         <path>.\</path>
         <kind>object</kind>
         <file>main.obj</file>
         <name>main.obj</name>
      </input_file>
      <input_file id="fl-3">
         <path>.\</path>
         <kind>object</kind>
         <file>system.obj</file>
         <name>system.obj</name>
      </input_file>
      <input_file id="fl-4">
         <path>.\</path>
         <kind>object</kind>
         <file>timer.obj</file>
         <name>timer.obj</name>
      </input_file>
      <input_file id="fl-33">
         <path>C:\CCS6\ccsv6\tools\compiler\ti-cgt-msp430_4.4.5\lib\</path>
         <kind>archive</kind>
         <file>rts430x_lc_rd_eabi.lib</file>
         <name>boot.obj</name>
      </input_file>
      <input_file id="fl-34">
         <path>C:\CCS6\ccsv6\tools\compiler\ti-cgt-msp430_4.4.5\lib\</path>
         <kind>archive</kind>
         <file>rts430x_lc_rd_eabi.lib</file>
         <name>boot_special.obj</name>
      </input_file>
      <input_file id="fl-35">
         <path>C:\CCS6\ccsv6\tools\compiler\ti-cgt-msp430_4.4.5\lib\</path>
         <kind>archive</kind>
         <file>rts430x_lc_rd_eabi.lib</file>
         <name>copy_decompress_none.obj</name>
      </input_file>
      <input_file id="fl-36">
         <path>C:\CCS6\ccsv6\tools\compiler\ti-cgt-msp430_4.4.5\lib\</path>
         <kind>archive</kind>
         <file>rts430x_lc_rd_eabi.lib</file>
         <name>copy_decompress_rle.obj</name>
      </input_file>
      <input_file id="fl-37">
         <path>C:\CCS6\ccsv6\tools\compiler\ti-cgt-msp430_4.4.5\lib\</path>
         <kind>archive</kind>
         <file>rts430x_lc_rd_eabi.lib</file>
         <name>copy_zero_init.obj</name>
      </input_file>
      <input_file id="fl-38">
         <path>C:\CCS6\ccsv6\tools\compiler\ti-cgt-msp430_4.4.5\lib\</path>
         <kind>archive</kind>
         <file>rts430x_lc_rd_eabi.lib</file>
         <name>div16u.obj</name>
      </input_file>
      <input_file id="fl-39">
         <path>C:\CCS6\ccsv6\tools\compiler\ti-cgt-msp430_4.4.5\lib\</path>
         <kind>archive</kind>
         <file>rts430x_lc_rd_eabi.lib</file>
         <name>exit.obj</name>
      </input_file>
      <input_file id="fl-3a">
         <path>C:\CCS6\ccsv6\tools\compiler\ti-cgt-msp430_4.4.5\lib\</path>
         <kind>archive</kind>
         <file>rts430x_lc_rd_eabi.lib</file>
         <name>exit_gvars.obj</name>
      </input_file>
      <input_file id="fl-3b">
         <path>C:\CCS6\ccsv6\tools\compiler\ti-cgt-msp430_4.4.5\lib\</path>
         <kind>archive</kind>
         <file>rts430x_lc_rd_eabi.lib</file>
         <name>int14.obj</name>
      </input_file>
      <input_file id="fl-3c">
         <path>C:\CCS6\ccsv6\tools\compiler\ti-cgt-msp430_4.4.5\lib\</path>
         <kind>archive</kind>
         <file>rts430x_lc_rd_eabi.lib</file>
         <name>int15.obj</name>
      </input_file>
      <input_file id="fl-3d">
         <path>C:\CCS6\ccsv6\tools\compiler\ti-cgt-msp430_4.4.5\lib\</path>
         <kind>archive</kind>
         <file>rts430x_lc_rd_eabi.lib</file>
         <name>int16.obj</name>
      </input_file>
      <input_file id="fl-3e">
         <path>C:\CCS6\ccsv6\tools\compiler\ti-cgt-msp430_4.4.5\lib\</path>
         <kind>archive</kind>
         <file>rts430x_lc_rd_eabi.lib</file>
         <name>int17.obj</name>
      </input_file>
      <input_file id="fl-3f">
         <path>C:\CCS6\ccsv6\tools\compiler\ti-cgt-msp430_4.4.5\lib\</path>
         <kind>archive</kind>
         <file>rts430x_lc_rd_eabi.lib</file>
         <name>int18.obj</name>
      </input_file>
      <input_file id="fl-40">
         <path>C:\CCS6\ccsv6\tools\compiler\ti-cgt-msp430_4.4.5\lib\</path>
         <kind>archive</kind>
         <file>rts430x_lc_rd_eabi.lib</file>
         <name>int19.obj</name>
      </input_file>
      <input_file id="fl-41">
         <path>C:\CCS6\ccsv6\tools\compiler\ti-cgt-msp430_4.4.5\lib\</path>
         <kind>archive</kind>
         <file>rts430x_lc_rd_eabi.lib</file>
         <name>int20.obj</name>
      </input_file>
      <input_file id="fl-42">
         <path>C:\CCS6\ccsv6\tools\compiler\ti-cgt-msp430_4.4.5\lib\</path>
         <kind>archive</kind>
         <file>rts430x_lc_rd_eabi.lib</file>
         <name>int21.obj</name>
      </input_file>
      <input_file id="fl-43">
         <path>C:\CCS6\ccsv6\tools\compiler\ti-cgt-msp430_4.4.5\lib\</path>
         <kind>archive</kind>
         <file>rts430x_lc_rd_eabi.lib</file>
         <name>int22.obj</name>
      </input_file>
      <input_file id="fl-44">
         <path>C:\CCS6\ccsv6\tools\compiler\ti-cgt-msp430_4.4.5\lib\</path>
         <kind>archive</kind>
         <file>rts430x_lc_rd_eabi.lib</file>
         <name>int23.obj</name>
      </input_file>
      <input_file id="fl-45">
         <path>C:\CCS6\ccsv6\tools\compiler\ti-cgt-msp430_4.4.5\lib\</path>
         <kind>archive</kind>
         <file>rts430x_lc_rd_eabi.lib</file>
         <name>int24.obj</name>
      </input_file>
      <input_file id="fl-46">
         <path>C:\CCS6\ccsv6\tools\compiler\ti-cgt-msp430_4.4.5\lib\</path>
         <kind>archive</kind>
         <file>rts430x_lc_rd_eabi.lib</file>
         <name>int25.obj</name>
      </input_file>
      <input_file id="fl-47">
         <path>C:\CCS6\ccsv6\tools\compiler\ti-cgt-msp430_4.4.5\lib\</path>
         <kind>archive</kind>
         <file>rts430x_lc_rd_eabi.lib</file>
         <name>int26.obj</name>
      </input_file>
      <input_file id="fl-48">
         <path>C:\CCS6\ccsv6\tools\compiler\ti-cgt-msp430_4.4.5\lib\</path>
         <kind>archive</kind>
         <file>rts430x_lc_rd_eabi.lib</file>
         <name>int27.obj</name>
      </input_file>
      <input_file id="fl-49">
         <path>C:\CCS6\ccsv6\tools\compiler\ti-cgt-msp430_4.4.5\lib\</path>
         <kind>archive</kind>
         <file>rts430x_lc_rd_eabi.lib</file>
         <name>int28.obj</name>
      </input_file>
      <input_file id="fl-4a">
         <path>C:\CCS6\ccsv6\tools\compiler\ti-cgt-msp430_4.4.5\lib\</path>
         <kind>archive</kind>
         <file>rts430x_lc_rd_eabi.lib</file>
         <name>int29.obj</name>
      </input_file>
      <input_file id="fl-4b">
         <path>C:\CCS6\ccsv6\tools\compiler\ti-cgt-msp430_4.4.5\lib\</path>
         <kind>archive</kind>
         <file>rts430x_lc_rd_eabi.lib</file>
         <name>int30.obj</name>
      </input_file>
      <input_file id="fl-4c">
         <path>C:\CCS6\ccsv6\tools\compiler\ti-cgt-msp430_4.4.5\lib\</path>
         <kind>archive</kind>
         <file>rts430x_lc_rd_eabi.lib</file>
         <name>isr_trap.obj</name>
      </input_file>
      <input_file id="fl-4d">
         <path>C:\CCS6\ccsv6\tools\compiler\ti-cgt-msp430_4.4.5\lib\</path>
         <kind>archive</kind>
         <file>rts430x_lc_rd_eabi.lib</file>
         <name>memcpy.obj</name>
      </input_file>
      <input_file id="fl-4e">
         <path>C:\CCS6\ccsv6\tools\compiler\ti-cgt-msp430_4.4.5\lib\</path>
         <kind>archive</kind>
         <file>rts430x_lc_rd_eabi.lib</file>
         <name>mpu_init.obj</name>
      </input_file>
      <input_file id="fl-4f">
         <path>C:\CCS6\ccsv6\tools\compiler\ti-cgt-msp430_4.4.5\lib\</path>
         <kind>archive</kind>
         <file>rts430x_lc_rd_eabi.lib</file>
         <name>mult1632_hw.obj</name>
      </input_file>
      <input_file id="fl-50">
         <path>C:\CCS6\ccsv6\tools\compiler\ti-cgt-msp430_4.4.5\lib\</path>
         <kind>archive</kind>
         <file>rts430x_lc_rd_eabi.lib</file>
         <name>mult16_hw.obj</name>
      </input_file>
      <input_file id="fl-51">
         <path>C:\CCS6\ccsv6\tools\compiler\ti-cgt-msp430_4.4.5\lib\</path>
         <kind>archive</kind>
         <file>rts430x_lc_rd_eabi.lib</file>
         <name>mult3264_hw.obj</name>
      </input_file>
      <input_file id="fl-52">
         <path>C:\CCS6\ccsv6\tools\compiler\ti-cgt-msp430_4.4.5\lib\</path>
         <kind>archive</kind>
         <file>rts430x_lc_rd_eabi.lib</file>
         <name>mult32_hw.obj</name>
      </input_file>
      <input_file id="fl-53">
         <path>C:\CCS6\ccsv6\tools\compiler\ti-cgt-msp430_4.4.5\lib\</path>
         <kind>archive</kind>
         <file>rts430x_lc_rd_eabi.lib</file>
         <name>mult64_hw.obj</name>
      </input_file>
      <input_file id="fl-54">
         <path>C:\CCS6\ccsv6\tools\compiler\ti-cgt-msp430_4.4.5\lib\</path>
         <kind>archive</kind>
         <file>rts430x_lc_rd_eabi.lib</file>
         <name>pre_init.obj</name>
      </input_file>
      <input_file id="fl-55">
         <path>C:\CCS6\ccsv6\tools\compiler\ti-cgt-msp430_4.4.5\lib\</path>
         <kind>archive</kind>
         <file>rts430x_lc_rd_eabi.lib</file>
         <name>_lock.obj</name>
      </input_file>
      <input_file id="fl-56">
         <path>C:\CCS6\ccsv6\tools\compiler\ti-cgt-msp430_4.4.5\lib\</path>
         <kind>archive</kind>
         <file>rts430x_lc_rd_eabi.lib</file>
         <name>args_main.obj</name>
      </input_file>
      <input_file id="fl-57">
         <path>C:\CCS6\ccsv6\tools\compiler\ti-cgt-msp430_4.4.5\lib\</path>
         <kind>archive</kind>
         <file>rts430x_lc_rd_eabi.lib</file>
         <name>autoinit_wdt.obj</name>
      </input_file>
   </input_file_list>
   <object_component_list>
      <object_component id="oc-a4">
         <name>.stack</name>
         <uninitialized>true</uninitialized>
         <run_address>0x20b0</run_address>
         <size>0x4</size>
         <input_file_ref idref="fl-33"/>
      </object_component>
      <object_component id="oc-1be">
         <name>.stack</name>
         <uninitialized>true</uninitialized>
         <run_address>0x20b0</run_address>
         <size>0x0</size>
      </object_component>
      <object_component id="oc-13c">
         <name>.text:GPIO_Init</name>
         <load_address>0x10000</load_address>
         <run_address>0x10000</run_address>
         <size>0x7a</size>
         <input_file_ref idref="fl-3"/>
      </object_component>
      <object_component id="oc-d4">
         <name>.text:_auto_init_hold_wdt</name>
         <load_address>0x1007a</load_address>
         <run_address>0x1007a</run_address>
         <size>0x6c</size>
         <input_file_ref idref="fl-57"/>
      </object_component>
      <object_component id="oc-136">
         <name>.text:XT2_Init</name>
         <load_address>0x100e6</load_address>
         <run_address>0x100e6</run_address>
         <size>0x34</size>
         <input_file_ref idref="fl-3"/>
      </object_component>
      <object_component id="oc-142">
         <name>.text:sw_delay_100ms</name>
         <load_address>0x1011a</load_address>
         <run_address>0x1011a</run_address>
         <size>0x22</size>
         <input_file_ref idref="fl-4"/>
      </object_component>
      <object_component id="oc-ee">
         <name>.text:main</name>
         <load_address>0x1013c</load_address>
         <run_address>0x1013c</run_address>
         <size>0x1e</size>
         <input_file_ref idref="fl-2"/>
      </object_component>
      <object_component id="oc-ce">
         <name>.text:_system_pre_init</name>
         <load_address>0x1015a</load_address>
         <run_address>0x1015a</run_address>
         <size>0x4</size>
         <input_file_ref idref="fl-54"/>
      </object_component>
      <object_component id="oc-f6">
         <name>.text:abort</name>
         <load_address>0x1015e</load_address>
         <run_address>0x1015e</run_address>
         <size>0x4</size>
         <input_file_ref idref="fl-39"/>
      </object_component>
      <object_component id="oc-80">
         <name>.text:_isr:_c_int00_noargs_noexit</name>
         <load_address>0x2100</load_address>
         <run_address>0x2100</run_address>
         <size>0x1a</size>
         <input_file_ref idref="fl-34"/>
      </object_component>
      <object_component id="oc-c2">
         <name>.text:_isr:__TI_ISR_TRAP</name>
         <load_address>0x211a</load_address>
         <run_address>0x211a</run_address>
         <size>0x6</size>
         <input_file_ref idref="fl-4c"/>
      </object_component>
      <object_component id="oc-51">
         <name>.int14</name>
         <load_address>0xffdc</load_address>
         <run_address>0xffdc</run_address>
         <size>0x2</size>
         <input_file_ref idref="fl-3b"/>
      </object_component>
      <object_component id="oc-52">
         <name>.int15</name>
         <load_address>0xffde</load_address>
         <run_address>0xffde</run_address>
         <size>0x2</size>
         <input_file_ref idref="fl-3c"/>
      </object_component>
      <object_component id="oc-53">
         <name>.int16</name>
         <load_address>0xffe0</load_address>
         <run_address>0xffe0</run_address>
         <size>0x2</size>
         <input_file_ref idref="fl-3d"/>
      </object_component>
      <object_component id="oc-54">
         <name>.int17</name>
         <load_address>0xffe2</load_address>
         <run_address>0xffe2</run_address>
         <size>0x2</size>
         <input_file_ref idref="fl-3e"/>
      </object_component>
      <object_component id="oc-55">
         <name>.int18</name>
         <load_address>0xffe4</load_address>
         <run_address>0xffe4</run_address>
         <size>0x2</size>
         <input_file_ref idref="fl-3f"/>
      </object_component>
      <object_component id="oc-56">
         <name>.int19</name>
         <load_address>0xffe6</load_address>
         <run_address>0xffe6</run_address>
         <size>0x2</size>
         <input_file_ref idref="fl-40"/>
      </object_component>
      <object_component id="oc-57">
         <name>.int20</name>
         <load_address>0xffe8</load_address>
         <run_address>0xffe8</run_address>
         <size>0x2</size>
         <input_file_ref idref="fl-41"/>
      </object_component>
      <object_component id="oc-58">
         <name>.int21</name>
         <load_address>0xffea</load_address>
         <run_address>0xffea</run_address>
         <size>0x2</size>
         <input_file_ref idref="fl-42"/>
      </object_component>
      <object_component id="oc-59">
         <name>.int22</name>
         <load_address>0xffec</load_address>
         <run_address>0xffec</run_address>
         <size>0x2</size>
         <input_file_ref idref="fl-43"/>
      </object_component>
      <object_component id="oc-5a">
         <name>.int23</name>
         <load_address>0xffee</load_address>
         <run_address>0xffee</run_address>
         <size>0x2</size>
         <input_file_ref idref="fl-44"/>
      </object_component>
      <object_component id="oc-5b">
         <name>.int24</name>
         <load_address>0xfff0</load_address>
         <run_address>0xfff0</run_address>
         <size>0x2</size>
         <input_file_ref idref="fl-45"/>
      </object_component>
      <object_component id="oc-5c">
         <name>.int25</name>
         <load_address>0xfff2</load_address>
         <run_address>0xfff2</run_address>
         <size>0x2</size>
         <input_file_ref idref="fl-46"/>
      </object_component>
      <object_component id="oc-5d">
         <name>.int26</name>
         <load_address>0xfff4</load_address>
         <run_address>0xfff4</run_address>
         <size>0x2</size>
         <input_file_ref idref="fl-47"/>
      </object_component>
      <object_component id="oc-5e">
         <name>.int27</name>
         <load_address>0xfff6</load_address>
         <run_address>0xfff6</run_address>
         <size>0x2</size>
         <input_file_ref idref="fl-48"/>
      </object_component>
      <object_component id="oc-5f">
         <name>.int28</name>
         <load_address>0xfff8</load_address>
         <run_address>0xfff8</run_address>
         <size>0x2</size>
         <input_file_ref idref="fl-49"/>
      </object_component>
      <object_component id="oc-60">
         <name>.int29</name>
         <load_address>0xfffa</load_address>
         <run_address>0xfffa</run_address>
         <size>0x2</size>
         <input_file_ref idref="fl-4a"/>
      </object_component>
      <object_component id="oc-61">
         <name>.int30</name>
         <load_address>0xfffc</load_address>
         <run_address>0xfffc</run_address>
         <size>0x2</size>
         <input_file_ref idref="fl-4b"/>
      </object_component>
      <object_component id="oc-a7">
         <name>.reset</name>
         <load_address>0xfffe</load_address>
         <run_address>0xfffe</run_address>
         <size>0x2</size>
         <input_file_ref idref="fl-33"/>
      </object_component>
      <object_component id="oc-ef">
         <name>.debug_info</name>
         <load_address>0x0</load_address>
         <run_address>0x0</run_address>
         <size>0x108</size>
         <input_file_ref idref="fl-2"/>
      </object_component>
      <object_component id="oc-104">
         <name>.debug_info</name>
         <load_address>0x108</load_address>
         <run_address>0x108</run_address>
         <size>0x84</size>
         <input_file_ref idref="fl-2"/>
      </object_component>
      <object_component id="oc-16f">
         <name>.debug_info</name>
         <load_address>0x18c</load_address>
         <run_address>0x18c</run_address>
         <size>0x18b</size>
         <input_file_ref idref="fl-2"/>
      </object_component>
      <object_component id="oc-137">
         <name>.debug_info</name>
         <load_address>0x317</load_address>
         <run_address>0x317</run_address>
         <size>0xef</size>
         <input_file_ref idref="fl-3"/>
      </object_component>
      <object_component id="oc-13d">
         <name>.debug_info</name>
         <load_address>0x406</load_address>
         <run_address>0x406</run_address>
         <size>0xe6</size>
         <input_file_ref idref="fl-3"/>
      </object_component>
      <object_component id="oc-143">
         <name>.debug_info</name>
         <load_address>0x4ec</load_address>
         <run_address>0x4ec</run_address>
         <size>0x129</size>
         <input_file_ref idref="fl-4"/>
      </object_component>
      <object_component id="oc-a5">
         <name>.debug_info</name>
         <load_address>0x615</load_address>
         <run_address>0x615</run_address>
         <size>0xd6</size>
         <input_file_ref idref="fl-33"/>
      </object_component>
      <object_component id="oc-81">
         <name>.debug_info</name>
         <load_address>0x6eb</load_address>
         <run_address>0x6eb</run_address>
         <size>0x177</size>
         <input_file_ref idref="fl-34"/>
      </object_component>
      <object_component id="oc-f7">
         <name>.debug_info</name>
         <load_address>0x862</load_address>
         <run_address>0x862</run_address>
         <size>0xf8</size>
         <input_file_ref idref="fl-39"/>
      </object_component>
      <object_component id="oc-c3">
         <name>.debug_info</name>
         <load_address>0x95a</load_address>
         <run_address>0x95a</run_address>
         <size>0xec</size>
         <input_file_ref idref="fl-4c"/>
      </object_component>
      <object_component id="oc-cf">
         <name>.debug_info</name>
         <load_address>0xa46</load_address>
         <run_address>0xa46</run_address>
         <size>0x129</size>
         <input_file_ref idref="fl-54"/>
      </object_component>
      <object_component id="oc-11f">
         <name>.debug_info</name>
         <load_address>0xb6f</load_address>
         <run_address>0xb6f</run_address>
         <size>0x304</size>
         <input_file_ref idref="fl-57"/>
      </object_component>
      <object_component id="oc-d5">
         <name>.debug_info</name>
         <load_address>0xe73</load_address>
         <run_address>0xe73</run_address>
         <size>0x1d8</size>
         <input_file_ref idref="fl-57"/>
      </object_component>
      <object_component id="oc-14e">
         <name>.debug_info</name>
         <load_address>0x104b</load_address>
         <run_address>0x104b</run_address>
         <size>0x39</size>
         <input_file_ref idref="fl-57"/>
      </object_component>
      <object_component id="oc-120">
         <name>.debug_info</name>
         <load_address>0x1084</load_address>
         <run_address>0x1084</run_address>
         <size>0x2c</size>
         <input_file_ref idref="fl-57"/>
      </object_component>
      <object_component id="oc-1c0">
         <name>.debug_info</name>
         <load_address>0x10b0</load_address>
         <run_address>0x10b0</run_address>
         <size>0x8a</size>
      </object_component>
      <object_component id="oc-f2">
         <name>.debug_line</name>
         <load_address>0x0</load_address>
         <run_address>0x0</run_address>
         <size>0x46</size>
         <input_file_ref idref="fl-2"/>
      </object_component>
      <object_component id="oc-107">
         <name>.debug_line</name>
         <load_address>0x46</load_address>
         <run_address>0x46</run_address>
         <size>0x20</size>
         <input_file_ref idref="fl-2"/>
      </object_component>
      <object_component id="oc-172">
         <name>.debug_line</name>
         <load_address>0x66</load_address>
         <run_address>0x66</run_address>
         <size>0x65</size>
         <input_file_ref idref="fl-2"/>
      </object_component>
      <object_component id="oc-13a">
         <name>.debug_line</name>
         <load_address>0xcb</load_address>
         <run_address>0xcb</run_address>
         <size>0x52</size>
         <input_file_ref idref="fl-3"/>
      </object_component>
      <object_component id="oc-140">
         <name>.debug_line</name>
         <load_address>0x11d</load_address>
         <run_address>0x11d</run_address>
         <size>0x62</size>
         <input_file_ref idref="fl-3"/>
      </object_component>
      <object_component id="oc-146">
         <name>.debug_line</name>
         <load_address>0x17f</load_address>
         <run_address>0x17f</run_address>
         <size>0x4a</size>
         <input_file_ref idref="fl-4"/>
      </object_component>
      <object_component id="oc-103">
         <name>.debug_line</name>
         <load_address>0x1c9</load_address>
         <run_address>0x1c9</run_address>
         <size>0x2a</size>
         <input_file_ref idref="fl-33"/>
      </object_component>
      <object_component id="oc-84">
         <name>.debug_line</name>
         <load_address>0x1f3</load_address>
         <run_address>0x1f3</run_address>
         <size>0x4c</size>
         <input_file_ref idref="fl-34"/>
      </object_component>
      <object_component id="oc-fa">
         <name>.debug_line</name>
         <load_address>0x23f</load_address>
         <run_address>0x23f</run_address>
         <size>0x3a</size>
         <input_file_ref idref="fl-39"/>
      </object_component>
      <object_component id="oc-c6">
         <name>.debug_line</name>
         <load_address>0x279</load_address>
         <run_address>0x279</run_address>
         <size>0x3c</size>
         <input_file_ref idref="fl-4c"/>
      </object_component>
      <object_component id="oc-d2">
         <name>.debug_line</name>
         <load_address>0x2b5</load_address>
         <run_address>0x2b5</run_address>
         <size>0x3e</size>
         <input_file_ref idref="fl-54"/>
      </object_component>
      <object_component id="oc-14d">
         <name>.debug_line</name>
         <load_address>0x2f3</load_address>
         <run_address>0x2f3</run_address>
         <size>0x40</size>
         <input_file_ref idref="fl-57"/>
      </object_component>
      <object_component id="oc-d8">
         <name>.debug_line</name>
         <load_address>0x333</load_address>
         <run_address>0x333</run_address>
         <size>0x94</size>
         <input_file_ref idref="fl-57"/>
      </object_component>
      <object_component id="oc-151">
         <name>.debug_line</name>
         <load_address>0x3c7</load_address>
         <run_address>0x3c7</run_address>
         <size>0x2e</size>
         <input_file_ref idref="fl-57"/>
      </object_component>
      <object_component id="oc-123">
         <name>.debug_line</name>
         <load_address>0x3f5</load_address>
         <run_address>0x3f5</run_address>
         <size>0x80</size>
         <input_file_ref idref="fl-57"/>
      </object_component>
      <object_component id="oc-f3">
         <name>.debug_frame</name>
         <load_address>0x0</load_address>
         <run_address>0x0</run_address>
         <size>0x47</size>
         <input_file_ref idref="fl-2"/>
      </object_component>
      <object_component id="oc-13b">
         <name>.debug_frame</name>
         <load_address>0x47</load_address>
         <run_address>0x47</run_address>
         <size>0x47</size>
         <input_file_ref idref="fl-3"/>
      </object_component>
      <object_component id="oc-141">
         <name>.debug_frame</name>
         <load_address>0x8e</load_address>
         <run_address>0x8e</run_address>
         <size>0x47</size>
         <input_file_ref idref="fl-3"/>
      </object_component>
      <object_component id="oc-147">
         <name>.debug_frame</name>
         <load_address>0xd5</load_address>
         <run_address>0xd5</run_address>
         <size>0x47</size>
         <input_file_ref idref="fl-4"/>
      </object_component>
      <object_component id="oc-85">
         <name>.debug_frame</name>
         <load_address>0x11c</load_address>
         <run_address>0x11c</run_address>
         <size>0x42</size>
         <input_file_ref idref="fl-34"/>
      </object_component>
      <object_component id="oc-fb">
         <name>.debug_frame</name>
         <load_address>0x15e</load_address>
         <run_address>0x15e</run_address>
         <size>0x47</size>
         <input_file_ref idref="fl-39"/>
      </object_component>
      <object_component id="oc-d3">
         <name>.debug_frame</name>
         <load_address>0x1a5</load_address>
         <run_address>0x1a5</run_address>
         <size>0x47</size>
         <input_file_ref idref="fl-54"/>
      </object_component>
      <object_component id="oc-d9">
         <name>.debug_frame</name>
         <load_address>0x1ec</load_address>
         <run_address>0x1ec</run_address>
         <size>0x56</size>
         <input_file_ref idref="fl-57"/>
      </object_component>
      <object_component id="oc-148">
         <name>.debug_abbrev</name>
         <load_address>0x0</load_address>
         <run_address>0x0</run_address>
         <size>0x54</size>
         <input_file_ref idref="fl-2"/>
      </object_component>
      <object_component id="oc-106">
         <name>.debug_abbrev</name>
         <load_address>0x54</load_address>
         <run_address>0x54</run_address>
         <size>0x1f</size>
         <input_file_ref idref="fl-2"/>
      </object_component>
      <object_component id="oc-171">
         <name>.debug_abbrev</name>
         <load_address>0x73</load_address>
         <run_address>0x73</run_address>
         <size>0x35</size>
         <input_file_ref idref="fl-2"/>
      </object_component>
      <object_component id="oc-16c">
         <name>.debug_abbrev</name>
         <load_address>0xa8</load_address>
         <run_address>0xa8</run_address>
         <size>0x5e</size>
         <input_file_ref idref="fl-3"/>
      </object_component>
      <object_component id="oc-16d">
         <name>.debug_abbrev</name>
         <load_address>0x106</load_address>
         <run_address>0x106</run_address>
         <size>0x50</size>
         <input_file_ref idref="fl-3"/>
      </object_component>
      <object_component id="oc-16e">
         <name>.debug_abbrev</name>
         <load_address>0x156</load_address>
         <run_address>0x156</run_address>
         <size>0x6c</size>
         <input_file_ref idref="fl-4"/>
      </object_component>
      <object_component id="oc-102">
         <name>.debug_abbrev</name>
         <load_address>0x1c2</load_address>
         <run_address>0x1c2</run_address>
         <size>0x29</size>
         <input_file_ref idref="fl-33"/>
      </object_component>
      <object_component id="oc-fc">
         <name>.debug_abbrev</name>
         <load_address>0x1eb</load_address>
         <run_address>0x1eb</run_address>
         <size>0x58</size>
         <input_file_ref idref="fl-34"/>
      </object_component>
      <object_component id="oc-149">
         <name>.debug_abbrev</name>
         <load_address>0x243</load_address>
         <run_address>0x243</run_address>
         <size>0x45</size>
         <input_file_ref idref="fl-39"/>
      </object_component>
      <object_component id="oc-11a">
         <name>.debug_abbrev</name>
         <load_address>0x288</load_address>
         <run_address>0x288</run_address>
         <size>0x28</size>
         <input_file_ref idref="fl-4c"/>
      </object_component>
      <object_component id="oc-11d">
         <name>.debug_abbrev</name>
         <load_address>0x2b0</load_address>
         <run_address>0x2b0</run_address>
         <size>0x55</size>
         <input_file_ref idref="fl-54"/>
      </object_component>
      <object_component id="oc-14c">
         <name>.debug_abbrev</name>
         <load_address>0x305</load_address>
         <run_address>0x305</run_address>
         <size>0x8d</size>
         <input_file_ref idref="fl-57"/>
      </object_component>
      <object_component id="oc-11e">
         <name>.debug_abbrev</name>
         <load_address>0x392</load_address>
         <run_address>0x392</run_address>
         <size>0x70</size>
         <input_file_ref idref="fl-57"/>
      </object_component>
      <object_component id="oc-150">
         <name>.debug_abbrev</name>
         <load_address>0x402</load_address>
         <run_address>0x402</run_address>
         <size>0x24</size>
         <input_file_ref idref="fl-57"/>
      </object_component>
      <object_component id="oc-122">
         <name>.debug_abbrev</name>
         <load_address>0x426</load_address>
         <run_address>0x426</run_address>
         <size>0x24</size>
         <input_file_ref idref="fl-57"/>
      </object_component>
      <object_component id="oc-1c1">
         <name>.debug_abbrev</name>
         <load_address>0x44a</load_address>
         <run_address>0x44a</run_address>
         <size>0xf</size>
      </object_component>
      <object_component id="oc-108">
         <name>.debug_str</name>
         <load_address>0x0</load_address>
         <run_address>0x0</run_address>
         <size>0xf5</size>
         <input_file_ref idref="fl-2"/>
      </object_component>
      <object_component id="oc-173">
         <name>.debug_str</name>
         <load_address>0xf5</load_address>
         <run_address>0xf5</run_address>
         <size>0x1fd</size>
         <input_file_ref idref="fl-2"/>
      </object_component>
      <object_component id="oc-152">
         <name>.debug_str</name>
         <load_address>0x2f2</load_address>
         <run_address>0x2f2</run_address>
         <size>0xc3</size>
         <input_file_ref idref="fl-57"/>
      </object_component>
      <object_component id="oc-124">
         <name>.debug_str</name>
         <load_address>0x3b5</load_address>
         <run_address>0x3b5</run_address>
         <size>0x106</size>
         <input_file_ref idref="fl-57"/>
      </object_component>
      <object_component id="oc-f0">
         <name>.debug_aranges</name>
         <load_address>0x0</load_address>
         <run_address>0x0</run_address>
         <size>0x20</size>
         <input_file_ref idref="fl-2"/>
      </object_component>
      <object_component id="oc-138">
         <name>.debug_aranges</name>
         <load_address>0x20</load_address>
         <run_address>0x20</run_address>
         <size>0x20</size>
         <input_file_ref idref="fl-3"/>
      </object_component>
      <object_component id="oc-13e">
         <name>.debug_aranges</name>
         <load_address>0x40</load_address>
         <run_address>0x40</run_address>
         <size>0x20</size>
         <input_file_ref idref="fl-3"/>
      </object_component>
      <object_component id="oc-144">
         <name>.debug_aranges</name>
         <load_address>0x60</load_address>
         <run_address>0x60</run_address>
         <size>0x20</size>
         <input_file_ref idref="fl-4"/>
      </object_component>
      <object_component id="oc-82">
         <name>.debug_aranges</name>
         <load_address>0x80</load_address>
         <run_address>0x80</run_address>
         <size>0x20</size>
         <input_file_ref idref="fl-34"/>
      </object_component>
      <object_component id="oc-f8">
         <name>.debug_aranges</name>
         <load_address>0xa0</load_address>
         <run_address>0xa0</run_address>
         <size>0x20</size>
         <input_file_ref idref="fl-39"/>
      </object_component>
      <object_component id="oc-c4">
         <name>.debug_aranges</name>
         <load_address>0xc0</load_address>
         <run_address>0xc0</run_address>
         <size>0x20</size>
         <input_file_ref idref="fl-4c"/>
      </object_component>
      <object_component id="oc-d0">
         <name>.debug_aranges</name>
         <load_address>0xe0</load_address>
         <run_address>0xe0</run_address>
         <size>0x20</size>
         <input_file_ref idref="fl-54"/>
      </object_component>
      <object_component id="oc-d6">
         <name>.debug_aranges</name>
         <load_address>0x100</load_address>
         <run_address>0x100</run_address>
         <size>0x20</size>
         <input_file_ref idref="fl-57"/>
      </object_component>
      <object_component id="oc-f1">
         <name>.debug_pubnames</name>
         <load_address>0x0</load_address>
         <run_address>0x0</run_address>
         <size>0x1b</size>
         <input_file_ref idref="fl-2"/>
      </object_component>
      <object_component id="oc-139">
         <name>.debug_pubnames</name>
         <load_address>0x1b</load_address>
         <run_address>0x1b</run_address>
         <size>0x1f</size>
         <input_file_ref idref="fl-3"/>
      </object_component>
      <object_component id="oc-13f">
         <name>.debug_pubnames</name>
         <load_address>0x3a</load_address>
         <run_address>0x3a</run_address>
         <size>0x20</size>
         <input_file_ref idref="fl-3"/>
      </object_component>
      <object_component id="oc-145">
         <name>.debug_pubnames</name>
         <load_address>0x5a</load_address>
         <run_address>0x5a</run_address>
         <size>0x25</size>
         <input_file_ref idref="fl-4"/>
      </object_component>
      <object_component id="oc-a6">
         <name>.debug_pubnames</name>
         <load_address>0x7f</load_address>
         <run_address>0x7f</run_address>
         <size>0x1d</size>
         <input_file_ref idref="fl-33"/>
      </object_component>
      <object_component id="oc-83">
         <name>.debug_pubnames</name>
         <load_address>0x9c</load_address>
         <run_address>0x9c</run_address>
         <size>0x2d</size>
         <input_file_ref idref="fl-34"/>
      </object_component>
      <object_component id="oc-f9">
         <name>.debug_pubnames</name>
         <load_address>0xc9</load_address>
         <run_address>0xc9</run_address>
         <size>0x1c</size>
         <input_file_ref idref="fl-39"/>
      </object_component>
      <object_component id="oc-c5">
         <name>.debug_pubnames</name>
         <load_address>0xe5</load_address>
         <run_address>0xe5</run_address>
         <size>0x2b</size>
         <input_file_ref idref="fl-4c"/>
      </object_component>
      <object_component id="oc-d1">
         <name>.debug_pubnames</name>
         <load_address>0x110</load_address>
         <run_address>0x110</run_address>
         <size>0x27</size>
         <input_file_ref idref="fl-54"/>
      </object_component>
      <object_component id="oc-d7">
         <name>.debug_pubnames</name>
         <load_address>0x137</load_address>
         <run_address>0x137</run_address>
         <size>0x2a</size>
         <input_file_ref idref="fl-57"/>
      </object_component>
      <object_component id="oc-105">
         <name>.debug_pubtypes</name>
         <load_address>0x0</load_address>
         <run_address>0x0</run_address>
         <size>0xed</size>
         <input_file_ref idref="fl-2"/>
      </object_component>
      <object_component id="oc-170">
         <name>.debug_pubtypes</name>
         <load_address>0xed</load_address>
         <run_address>0xed</run_address>
         <size>0x1c6</size>
         <input_file_ref idref="fl-2"/>
      </object_component>
      <object_component id="oc-14f">
         <name>.debug_pubtypes</name>
         <load_address>0x2b3</load_address>
         <run_address>0x2b3</run_address>
         <size>0x32</size>
         <input_file_ref idref="fl-57"/>
      </object_component>
      <object_component id="oc-121">
         <name>.debug_pubtypes</name>
         <load_address>0x2e5</load_address>
         <run_address>0x2e5</run_address>
         <size>0x1f</size>
         <input_file_ref idref="fl-57"/>
      </object_component>
   </object_component_list>
   <logical_group_list>
      <logical_group id="lg-2" display="no" color="cyan">
         <name>.bss</name>
         <run_address>0x0</run_address>
         <size>0x0</size>
         <contents>
         </contents>
      </logical_group>
      <logical_group id="lg-4" display="no" color="cyan">
         <name>.TI.noinit</name>
         <run_address>0x0</run_address>
         <size>0x0</size>
         <contents>
         </contents>
      </logical_group>
      <logical_group id="lg-5" display="no" color="cyan">
         <name>.sysmem</name>
         <run_address>0x0</run_address>
         <size>0x0</size>
         <contents>
         </contents>
      </logical_group>
      <logical_group id="lg-6" display="no" color="cyan">
         <name>.stack</name>
         <run_address>0x20b0</run_address>
         <size>0x50</size>
         <contents>
            <object_component_ref idref="oc-a4"/>
            <object_component_ref idref="oc-1be"/>
         </contents>
      </logical_group>
      <logical_group id="lg-1bf" display="no" color="cyan">
         <name>.text</name>
         <load_address>0x10000</load_address>
         <run_address>0x10000</run_address>
         <size>0x162</size>
         <contents>
            <object_component_ref idref="oc-13c"/>
            <object_component_ref idref="oc-d4"/>
            <object_component_ref idref="oc-136"/>
            <object_component_ref idref="oc-142"/>
            <object_component_ref idref="oc-ee"/>
            <object_component_ref idref="oc-ce"/>
            <object_component_ref idref="oc-f6"/>
         </contents>
      </logical_group>
      <split_section id="lg-7" display="no" color="cyan">
         <name>.text</name>
         <contents>
            <logical_group_ref idref="lg-1bf"/>
         </contents>
      </split_section>
      <logical_group id="lg-8" display="no" color="cyan">
         <name>.text:_isr</name>
         <load_address>0x2100</load_address>
         <run_address>0x2100</run_address>
         <size>0x20</size>
         <contents>
            <object_component_ref idref="oc-80"/>
            <object_component_ref idref="oc-c2"/>
         </contents>
      </logical_group>
      <logical_group id="lg-9" display="no" color="cyan">
         <name>.cinit</name>
         <run_address>0x0</run_address>
         <size>0x0</size>
         <contents>
         </contents>
      </logical_group>
      <logical_group id="lg-a" display="no" color="cyan">
         <name>.const</name>
         <run_address>0x0</run_address>
         <size>0x0</size>
         <contents>
         </contents>
      </logical_group>
      <logical_group id="lg-b" display="no" color="cyan">
         <name>.bslsignature</name>
         <run_address>0x0</run_address>
         <size>0x0</size>
         <contents>
         </contents>
      </logical_group>
      <logical_group id="lg-c" display="no" color="cyan">
         <name>.cio</name>
         <run_address>0x0</run_address>
         <size>0x0</size>
         <contents>
         </contents>
      </logical_group>
      <logical_group id="lg-d" display="no" color="cyan">
         <name>.pinit</name>
         <run_address>0x0</run_address>
         <size>0x0</size>
         <contents>
         </contents>
      </logical_group>
      <logical_group id="lg-e" display="no" color="cyan">
         <name>.init_array</name>
         <run_address>0x0</run_address>
         <size>0x0</size>
         <contents>
         </contents>
      </logical_group>
      <logical_group id="lg-f" display="no" color="cyan">
         <name>.mspabi.exidx</name>
         <run_address>0x0</run_address>
         <size>0x0</size>
         <contents>
         </contents>
      </logical_group>
      <logical_group id="lg-10" display="no" color="cyan">
         <name>.mspabi.extab</name>
         <run_address>0x0</run_address>
         <size>0x0</size>
         <contents>
         </contents>
      </logical_group>
      <logical_group id="lg-11" display="no" color="cyan">
         <name>.infoA</name>
         <run_address>0x0</run_address>
         <size>0x0</size>
         <contents>
         </contents>
      </logical_group>
      <logical_group id="lg-12" display="no" color="cyan">
         <name>.infoB</name>
         <run_address>0x0</run_address>
         <size>0x0</size>
         <contents>
         </contents>
      </logical_group>
      <logical_group id="lg-13" display="no" color="cyan">
         <name>.int00</name>
         <run_address>0x0</run_address>
         <size>0x0</size>
         <contents>
         </contents>
      </logical_group>
      <logical_group id="lg-14" display="no" color="cyan">
         <name>.int01</name>
         <run_address>0x0</run_address>
         <size>0x0</size>
         <contents>
         </contents>
      </logical_group>
      <logical_group id="lg-15" display="no" color="cyan">
         <name>.int02</name>
         <run_address>0x0</run_address>
         <size>0x0</size>
         <contents>
         </contents>
      </logical_group>
      <logical_group id="lg-16" display="no" color="cyan">
         <name>.int03</name>
         <run_address>0x0</run_address>
         <size>0x0</size>
         <contents>
         </contents>
      </logical_group>
      <logical_group id="lg-17" display="no" color="cyan">
         <name>.int04</name>
         <run_address>0x0</run_address>
         <size>0x0</size>
         <contents>
         </contents>
      </logical_group>
      <logical_group id="lg-18" display="no" color="cyan">
         <name>.int05</name>
         <run_address>0x0</run_address>
         <size>0x0</size>
         <contents>
         </contents>
      </logical_group>
      <logical_group id="lg-19" display="no" color="cyan">
         <name>.int06</name>
         <run_address>0x0</run_address>
         <size>0x0</size>
         <contents>
         </contents>
      </logical_group>
      <logical_group id="lg-1a" display="no" color="cyan">
         <name>.int07</name>
         <run_address>0x0</run_address>
         <size>0x0</size>
         <contents>
         </contents>
      </logical_group>
      <logical_group id="lg-1b" display="no" color="cyan">
         <name>.int08</name>
         <run_address>0x0</run_address>
         <size>0x0</size>
         <contents>
         </contents>
      </logical_group>
      <logical_group id="lg-1c" display="no" color="cyan">
         <name>.int09</name>
         <run_address>0x0</run_address>
         <size>0x0</size>
         <contents>
         </contents>
      </logical_group>
      <logical_group id="lg-1d" display="no" color="cyan">
         <name>.int10</name>
         <run_address>0x0</run_address>
         <size>0x0</size>
         <contents>
         </contents>
      </logical_group>
      <logical_group id="lg-1e" display="no" color="cyan">
         <name>.int11</name>
         <run_address>0x0</run_address>
         <size>0x0</size>
         <contents>
         </contents>
      </logical_group>
      <logical_group id="lg-1f" display="no" color="cyan">
         <name>.int12</name>
         <run_address>0x0</run_address>
         <size>0x0</size>
         <contents>
         </contents>
      </logical_group>
      <logical_group id="lg-20" display="no" color="cyan">
         <name>.int13</name>
         <run_address>0x0</run_address>
         <size>0x0</size>
         <contents>
         </contents>
      </logical_group>
      <logical_group id="lg-21" display="no" color="cyan">
         <name>DAC12</name>
         <load_address>0xffdc</load_address>
         <run_address>0xffdc</run_address>
         <size>0x2</size>
         <contents>
            <object_component_ref idref="oc-51"/>
         </contents>
      </logical_group>
      <logical_group id="lg-23" display="no" color="cyan">
         <name>DMA</name>
         <load_address>0xffde</load_address>
         <run_address>0xffde</run_address>
         <size>0x2</size>
         <contents>
            <object_component_ref idref="oc-52"/>
         </contents>
      </logical_group>
      <logical_group id="lg-25" display="no" color="cyan">
         <name>BASICTIMER</name>
         <load_address>0xffe0</load_address>
         <run_address>0xffe0</run_address>
         <size>0x2</size>
         <contents>
            <object_component_ref idref="oc-53"/>
         </contents>
      </logical_group>
      <logical_group id="lg-27" display="no" color="cyan">
         <name>PORT2</name>
         <load_address>0xffe2</load_address>
         <run_address>0xffe2</run_address>
         <size>0x2</size>
         <contents>
            <object_component_ref idref="oc-54"/>
         </contents>
      </logical_group>
      <logical_group id="lg-29" display="no" color="cyan">
         <name>USART1TX</name>
         <load_address>0xffe4</load_address>
         <run_address>0xffe4</run_address>
         <size>0x2</size>
         <contents>
            <object_component_ref idref="oc-55"/>
         </contents>
      </logical_group>
      <logical_group id="lg-2b" display="no" color="cyan">
         <name>USART1RX</name>
         <load_address>0xffe6</load_address>
         <run_address>0xffe6</run_address>
         <size>0x2</size>
         <contents>
            <object_component_ref idref="oc-56"/>
         </contents>
      </logical_group>
      <logical_group id="lg-2d" display="no" color="cyan">
         <name>PORT1</name>
         <load_address>0xffe8</load_address>
         <run_address>0xffe8</run_address>
         <size>0x2</size>
         <contents>
            <object_component_ref idref="oc-57"/>
         </contents>
      </logical_group>
      <logical_group id="lg-2f" display="no" color="cyan">
         <name>TIMERA1</name>
         <load_address>0xffea</load_address>
         <run_address>0xffea</run_address>
         <size>0x2</size>
         <contents>
            <object_component_ref idref="oc-58"/>
         </contents>
      </logical_group>
      <logical_group id="lg-31" display="no" color="cyan">
         <name>TIMERA0</name>
         <load_address>0xffec</load_address>
         <run_address>0xffec</run_address>
         <size>0x2</size>
         <contents>
            <object_component_ref idref="oc-59"/>
         </contents>
      </logical_group>
      <logical_group id="lg-33" display="no" color="cyan">
         <name>ADC12</name>
         <load_address>0xffee</load_address>
         <run_address>0xffee</run_address>
         <size>0x2</size>
         <contents>
            <object_component_ref idref="oc-5a"/>
         </contents>
      </logical_group>
      <logical_group id="lg-35" display="no" color="cyan">
         <name>USCIAB0TX</name>
         <load_address>0xfff0</load_address>
         <run_address>0xfff0</run_address>
         <size>0x2</size>
         <contents>
            <object_component_ref idref="oc-5b"/>
         </contents>
      </logical_group>
      <logical_group id="lg-37" display="no" color="cyan">
         <name>USCIAB0RX</name>
         <load_address>0xfff2</load_address>
         <run_address>0xfff2</run_address>
         <size>0x2</size>
         <contents>
            <object_component_ref idref="oc-5c"/>
         </contents>
      </logical_group>
      <logical_group id="lg-39" display="no" color="cyan">
         <name>WDT</name>
         <load_address>0xfff4</load_address>
         <run_address>0xfff4</run_address>
         <size>0x2</size>
         <contents>
            <object_component_ref idref="oc-5d"/>
         </contents>
      </logical_group>
      <logical_group id="lg-3b" display="no" color="cyan">
         <name>COMPARATORA</name>
         <load_address>0xfff6</load_address>
         <run_address>0xfff6</run_address>
         <size>0x2</size>
         <contents>
            <object_component_ref idref="oc-5e"/>
         </contents>
      </logical_group>
      <logical_group id="lg-3d" display="no" color="cyan">
         <name>TIMERB1</name>
         <load_address>0xfff8</load_address>
         <run_address>0xfff8</run_address>
         <size>0x2</size>
         <contents>
            <object_component_ref idref="oc-5f"/>
         </contents>
      </logical_group>
      <logical_group id="lg-3f" display="no" color="cyan">
         <name>TIMERB0</name>
         <load_address>0xfffa</load_address>
         <run_address>0xfffa</run_address>
         <size>0x2</size>
         <contents>
            <object_component_ref idref="oc-60"/>
         </contents>
      </logical_group>
      <logical_group id="lg-41" display="no" color="cyan">
         <name>NMI</name>
         <load_address>0xfffc</load_address>
         <run_address>0xfffc</run_address>
         <size>0x2</size>
         <contents>
            <object_component_ref idref="oc-61"/>
         </contents>
      </logical_group>
      <logical_group id="lg-43" display="no" color="cyan">
         <name>.reset</name>
         <load_address>0xfffe</load_address>
         <run_address>0xfffe</run_address>
         <size>0x2</size>
         <contents>
            <object_component_ref idref="oc-a7"/>
         </contents>
      </logical_group>
      <logical_group id="lg-17a" display="no" color="cyan">
         <name>.TI.persistent</name>
         <run_address>0x0</run_address>
         <size>0x0</size>
         <contents>
         </contents>
      </logical_group>
      <logical_group id="lg-3" display="no" color="cyan">
         <name>.data</name>
         <run_address>0x0</run_address>
         <size>0x0</size>
         <contents>
         </contents>
      </logical_group>
      <logical_group id="lg-179" display="no" color="cyan">
         <name>DATA_GROUP</name>
         <run_address>0x0</run_address>
         <size>0x0</size>
         <contents>
            <logical_group_ref idref="lg-17a"/>
            <logical_group_ref idref="lg-3"/>
         </contents>
      </logical_group>
      <logical_group id="lg-1ad" display="never" color="cyan">
         <name>.debug_info</name>
         <load_address>0x0</load_address>
         <run_address>0x0</run_address>
         <size>0x113a</size>
         <contents>
            <object_component_ref idref="oc-ef"/>
            <object_component_ref idref="oc-104"/>
            <object_component_ref idref="oc-16f"/>
            <object_component_ref idref="oc-137"/>
            <object_component_ref idref="oc-13d"/>
            <object_component_ref idref="oc-143"/>
            <object_component_ref idref="oc-a5"/>
            <object_component_ref idref="oc-81"/>
            <object_component_ref idref="oc-f7"/>
            <object_component_ref idref="oc-c3"/>
            <object_component_ref idref="oc-cf"/>
            <object_component_ref idref="oc-11f"/>
            <object_component_ref idref="oc-d5"/>
            <object_component_ref idref="oc-14e"/>
            <object_component_ref idref="oc-120"/>
            <object_component_ref idref="oc-1c0"/>
         </contents>
      </logical_group>
      <logical_group id="lg-1af" display="never" color="cyan">
         <name>.debug_line</name>
         <load_address>0x0</load_address>
         <run_address>0x0</run_address>
         <size>0x475</size>
         <contents>
            <object_component_ref idref="oc-f2"/>
            <object_component_ref idref="oc-107"/>
            <object_component_ref idref="oc-172"/>
            <object_component_ref idref="oc-13a"/>
            <object_component_ref idref="oc-140"/>
            <object_component_ref idref="oc-146"/>
            <object_component_ref idref="oc-103"/>
            <object_component_ref idref="oc-84"/>
            <object_component_ref idref="oc-fa"/>
            <object_component_ref idref="oc-c6"/>
            <object_component_ref idref="oc-d2"/>
            <object_component_ref idref="oc-14d"/>
            <object_component_ref idref="oc-d8"/>
            <object_component_ref idref="oc-151"/>
            <object_component_ref idref="oc-123"/>
         </contents>
      </logical_group>
      <logical_group id="lg-1b1" display="never" color="cyan">
         <name>.debug_frame</name>
         <load_address>0x0</load_address>
         <run_address>0x0</run_address>
         <size>0x242</size>
         <contents>
            <object_component_ref idref="oc-f3"/>
            <object_component_ref idref="oc-13b"/>
            <object_component_ref idref="oc-141"/>
            <object_component_ref idref="oc-147"/>
            <object_component_ref idref="oc-85"/>
            <object_component_ref idref="oc-fb"/>
            <object_component_ref idref="oc-d3"/>
            <object_component_ref idref="oc-d9"/>
         </contents>
      </logical_group>
      <logical_group id="lg-1b3" display="never" color="cyan">
         <name>.debug_abbrev</name>
         <load_address>0x0</load_address>
         <run_address>0x0</run_address>
         <size>0x459</size>
         <contents>
            <object_component_ref idref="oc-148"/>
            <object_component_ref idref="oc-106"/>
            <object_component_ref idref="oc-171"/>
            <object_component_ref idref="oc-16c"/>
            <object_component_ref idref="oc-16d"/>
            <object_component_ref idref="oc-16e"/>
            <object_component_ref idref="oc-102"/>
            <object_component_ref idref="oc-fc"/>
            <object_component_ref idref="oc-149"/>
            <object_component_ref idref="oc-11a"/>
            <object_component_ref idref="oc-11d"/>
            <object_component_ref idref="oc-14c"/>
            <object_component_ref idref="oc-11e"/>
            <object_component_ref idref="oc-150"/>
            <object_component_ref idref="oc-122"/>
            <object_component_ref idref="oc-1c1"/>
         </contents>
      </logical_group>
      <logical_group id="lg-1b5" display="never" color="cyan">
         <name>.debug_str</name>
         <load_address>0x0</load_address>
         <run_address>0x0</run_address>
         <size>0x4bb</size>
         <contents>
            <object_component_ref idref="oc-108"/>
            <object_component_ref idref="oc-173"/>
            <object_component_ref idref="oc-152"/>
            <object_component_ref idref="oc-124"/>
         </contents>
      </logical_group>
      <logical_group id="lg-1b7" display="never" color="cyan">
         <name>.debug_aranges</name>
         <load_address>0x0</load_address>
         <run_address>0x0</run_address>
         <size>0x120</size>
         <contents>
            <object_component_ref idref="oc-f0"/>
            <object_component_ref idref="oc-138"/>
            <object_component_ref idref="oc-13e"/>
            <object_component_ref idref="oc-144"/>
            <object_component_ref idref="oc-82"/>
            <object_component_ref idref="oc-f8"/>
            <object_component_ref idref="oc-c4"/>
            <object_component_ref idref="oc-d0"/>
            <object_component_ref idref="oc-d6"/>
         </contents>
      </logical_group>
      <logical_group id="lg-1b9" display="never" color="cyan">
         <name>.debug_pubnames</name>
         <load_address>0x0</load_address>
         <run_address>0x0</run_address>
         <size>0x161</size>
         <contents>
            <object_component_ref idref="oc-f1"/>
            <object_component_ref idref="oc-139"/>
            <object_component_ref idref="oc-13f"/>
            <object_component_ref idref="oc-145"/>
            <object_component_ref idref="oc-a6"/>
            <object_component_ref idref="oc-83"/>
            <object_component_ref idref="oc-f9"/>
            <object_component_ref idref="oc-c5"/>
            <object_component_ref idref="oc-d1"/>
            <object_component_ref idref="oc-d7"/>
         </contents>
      </logical_group>
      <logical_group id="lg-1bb" display="never" color="cyan">
         <name>.debug_pubtypes</name>
         <load_address>0x0</load_address>
         <run_address>0x0</run_address>
         <size>0x304</size>
         <contents>
            <object_component_ref idref="oc-105"/>
            <object_component_ref idref="oc-170"/>
            <object_component_ref idref="oc-14f"/>
            <object_component_ref idref="oc-121"/>
         </contents>
      </logical_group>
      <logical_group id="lg-1c2" display="no" color="cyan">
         <name>$fill000</name>
         <load_address>0xffbe</load_address>
         <run_address>0xffbe</run_address>
         <size>0x2</size>
         <contents>
         </contents>
      </logical_group>
      <load_segment id="lg-1c4" display="no" color="cyan">
         <name>SEGMENT_0</name>
         <run_address>0x20b0</run_address>
         <size>0x50</size>
         <flags>0x6</flags>
         <contents>
            <logical_group_ref idref="lg-6"/>
         </contents>
      </load_segment>
      <load_segment id="lg-1c5" display="no" color="cyan">
         <name>SEGMENT_1</name>
         <load_address>0x2100</load_address>
         <run_address>0x2100</run_address>
         <size>0x20</size>
         <flags>0x5</flags>
         <contents>
            <logical_group_ref idref="lg-8"/>
         </contents>
      </load_segment>
      <load_segment id="lg-1c6" display="no" color="cyan">
         <name>SEGMENT_2</name>
         <load_address>0xffbe</load_address>
         <run_address>0xffbe</run_address>
         <size>0x2</size>
         <flags>0x4</flags>
         <contents>
            <logical_group_ref idref="lg-1c2"/>
         </contents>
      </load_segment>
      <load_segment id="lg-1c7" display="no" color="cyan">
         <name>SEGMENT_3</name>
         <load_address>0xffdc</load_address>
         <run_address>0xffdc</run_address>
         <size>0x186</size>
         <flags>0x5</flags>
         <contents>
            <logical_group_ref idref="lg-21"/>
            <logical_group_ref idref="lg-23"/>
            <logical_group_ref idref="lg-25"/>
            <logical_group_ref idref="lg-27"/>
            <logical_group_ref idref="lg-29"/>
            <logical_group_ref idref="lg-2b"/>
            <logical_group_ref idref="lg-2d"/>
            <logical_group_ref idref="lg-2f"/>
            <logical_group_ref idref="lg-31"/>
            <logical_group_ref idref="lg-33"/>
            <logical_group_ref idref="lg-35"/>
            <logical_group_ref idref="lg-37"/>
            <logical_group_ref idref="lg-39"/>
            <logical_group_ref idref="lg-3b"/>
            <logical_group_ref idref="lg-3d"/>
            <logical_group_ref idref="lg-3f"/>
            <logical_group_ref idref="lg-41"/>
            <logical_group_ref idref="lg-43"/>
            <logical_group_ref idref="lg-1bf"/>
         </contents>
      </load_segment>
   </logical_group_list>
   <placement_map>
      <memory_area display="no" color="green">
         <name>SFR</name>
         <page_id>0x0</page_id>
         <origin>0x0</origin>
         <length>0x10</length>
         <used_space>0x0</used_space>
         <unused_space>0x10</unused_space>
         <attributes>RWIX</attributes>
         <usage_details>
         </usage_details>
      </memory_area>
      <memory_area display="yes" color="green">
         <name>PERIPHERALS_8BIT</name>
         <page_id>0x0</page_id>
         <origin>0x10</origin>
         <length>0xf0</length>
         <used_space>0x0</used_space>
         <unused_space>0xf0</unused_space>
         <attributes>RWIX</attributes>
         <usage_details>
         </usage_details>
      </memory_area>
      <memory_area display="yes" color="green">
         <name>PERIPHERALS_16BIT</name>
         <page_id>0x0</page_id>
         <origin>0x100</origin>
         <length>0x100</length>
         <used_space>0x0</used_space>
         <unused_space>0x100</unused_space>
         <attributes>RWIX</attributes>
         <usage_details>
         </usage_details>
      </memory_area>
      <memory_area display="yes" color="green">
         <name>INFOB</name>
         <page_id>0x0</page_id>
         <origin>0x1000</origin>
         <length>0x80</length>
         <used_space>0x0</used_space>
         <unused_space>0x80</unused_space>
         <attributes>RWIX</attributes>
         <usage_details>
         </usage_details>
      </memory_area>
      <memory_area display="yes" color="green">
         <name>INFOA</name>
         <page_id>0x0</page_id>
         <origin>0x1080</origin>
         <length>0x80</length>
         <used_space>0x0</used_space>
         <unused_space>0x80</unused_space>
         <attributes>RWIX</attributes>
         <usage_details>
         </usage_details>
      </memory_area>
      <memory_area display="yes" color="green">
         <name>RAM</name>
         <page_id>0x0</page_id>
         <origin>0x1100</origin>
         <length>0x1000</length>
         <used_space>0x50</used_space>
         <unused_space>0xfb0</unused_space>
         <attributes>RWIX</attributes>
         <usage_details>
            <available_space>
               <start_address>0x1100</start_address>
               <size>0xfb0</size>
            </available_space>
            <allocated_space>
               <start_address>0x20b0</start_address>
               <size>0x50</size>
               <logical_group_ref idref="lg-6"/>
            </allocated_space>
         </usage_details>
      </memory_area>
      <memory_area display="yes" color="green">
         <name>FLASH</name>
         <page_id>0x0</page_id>
         <origin>0x2100</origin>
         <length>0xdebe</length>
         <used_space>0x20</used_space>
         <unused_space>0xde9e</unused_space>
         <attributes>RWIX</attributes>
         <usage_details>
            <allocated_space>
               <start_address>0x2100</start_address>
               <size>0x20</size>
               <logical_group_ref idref="lg-8"/>
            </allocated_space>
            <available_space>
               <start_address>0x2120</start_address>
               <size>0xde9e</size>
            </available_space>
         </usage_details>
      </memory_area>
      <memory_area display="no" color="green">
         <name>BSLSIGNATURE</name>
         <page_id>0x0</page_id>
         <origin>0xffbe</origin>
         <length>0x2</length>
         <used_space>0x2</used_space>
         <unused_space>0x0</unused_space>
         <attributes>RWIX</attributes>
         <fill_value>0xffff</fill_value>
         <fill_width>0x10</fill_width>
         <virtual_fill>0x0</virtual_fill>
         <usage_details>
            <allocated_space>
               <start_address>0xffbe</start_address>
               <size>0x2</size>
               <logical_group_ref idref="lg-1c2"/>
            </allocated_space>
         </usage_details>
      </memory_area>
      <memory_area display="no" color="green">
         <name>INT00</name>
         <page_id>0x0</page_id>
         <origin>0xffc0</origin>
         <length>0x2</length>
         <used_space>0x0</used_space>
         <unused_space>0x2</unused_space>
         <attributes>RWIX</attributes>
         <usage_details>
         </usage_details>
      </memory_area>
      <memory_area display="no" color="green">
         <name>INT01</name>
         <page_id>0x0</page_id>
         <origin>0xffc2</origin>
         <length>0x2</length>
         <used_space>0x0</used_space>
         <unused_space>0x2</unused_space>
         <attributes>RWIX</attributes>
         <usage_details>
         </usage_details>
      </memory_area>
      <memory_area display="no" color="green">
         <name>INT02</name>
         <page_id>0x0</page_id>
         <origin>0xffc4</origin>
         <length>0x2</length>
         <used_space>0x0</used_space>
         <unused_space>0x2</unused_space>
         <attributes>RWIX</attributes>
         <usage_details>
         </usage_details>
      </memory_area>
      <memory_area display="no" color="green">
         <name>INT03</name>
         <page_id>0x0</page_id>
         <origin>0xffc6</origin>
         <length>0x2</length>
         <used_space>0x0</used_space>
         <unused_space>0x2</unused_space>
         <attributes>RWIX</attributes>
         <usage_details>
         </usage_details>
      </memory_area>
      <memory_area display="no" color="green">
         <name>INT04</name>
         <page_id>0x0</page_id>
         <origin>0xffc8</origin>
         <length>0x2</length>
         <used_space>0x0</used_space>
         <unused_space>0x2</unused_space>
         <attributes>RWIX</attributes>
         <usage_details>
         </usage_details>
      </memory_area>
      <memory_area display="no" color="green">
         <name>INT05</name>
         <page_id>0x0</page_id>
         <origin>0xffca</origin>
         <length>0x2</length>
         <used_space>0x0</used_space>
         <unused_space>0x2</unused_space>
         <attributes>RWIX</attributes>
         <usage_details>
         </usage_details>
      </memory_area>
      <memory_area display="no" color="green">
         <name>INT06</name>
         <page_id>0x0</page_id>
         <origin>0xffcc</origin>
         <length>0x2</length>
         <used_space>0x0</used_space>
         <unused_space>0x2</unused_space>
         <attributes>RWIX</attributes>
         <usage_details>
         </usage_details>
      </memory_area>
      <memory_area display="no" color="green">
         <name>INT07</name>
         <page_id>0x0</page_id>
         <origin>0xffce</origin>
         <length>0x2</length>
         <used_space>0x0</used_space>
         <unused_space>0x2</unused_space>
         <attributes>RWIX</attributes>
         <usage_details>
         </usage_details>
      </memory_area>
      <memory_area display="no" color="green">
         <name>INT08</name>
         <page_id>0x0</page_id>
         <origin>0xffd0</origin>
         <length>0x2</length>
         <used_space>0x0</used_space>
         <unused_space>0x2</unused_space>
         <attributes>RWIX</attributes>
         <usage_details>
         </usage_details>
      </memory_area>
      <memory_area display="no" color="green">
         <name>INT09</name>
         <page_id>0x0</page_id>
         <origin>0xffd2</origin>
         <length>0x2</length>
         <used_space>0x0</used_space>
         <unused_space>0x2</unused_space>
         <attributes>RWIX</attributes>
         <usage_details>
         </usage_details>
      </memory_area>
      <memory_area display="no" color="green">
         <name>INT10</name>
         <page_id>0x0</page_id>
         <origin>0xffd4</origin>
         <length>0x2</length>
         <used_space>0x0</used_space>
         <unused_space>0x2</unused_space>
         <attributes>RWIX</attributes>
         <usage_details>
         </usage_details>
      </memory_area>
      <memory_area display="no" color="green">
         <name>INT11</name>
         <page_id>0x0</page_id>
         <origin>0xffd6</origin>
         <length>0x2</length>
         <used_space>0x0</used_space>
         <unused_space>0x2</unused_space>
         <attributes>RWIX</attributes>
         <usage_details>
         </usage_details>
      </memory_area>
      <memory_area display="no" color="green">
         <name>INT12</name>
         <page_id>0x0</page_id>
         <origin>0xffd8</origin>
         <length>0x2</length>
         <used_space>0x0</used_space>
         <unused_space>0x2</unused_space>
         <attributes>RWIX</attributes>
         <usage_details>
         </usage_details>
      </memory_area>
      <memory_area display="no" color="green">
         <name>INT13</name>
         <page_id>0x0</page_id>
         <origin>0xffda</origin>
         <length>0x2</length>
         <used_space>0x0</used_space>
         <unused_space>0x2</unused_space>
         <attributes>RWIX</attributes>
         <usage_details>
         </usage_details>
      </memory_area>
      <memory_area display="no" color="green">
         <name>INT14</name>
         <page_id>0x0</page_id>
         <origin>0xffdc</origin>
         <length>0x2</length>
         <used_space>0x2</used_space>
         <unused_space>0x0</unused_space>
         <attributes>RWIX</attributes>
         <usage_details>
            <allocated_space>
               <start_address>0xffdc</start_address>
               <size>0x2</size>
               <logical_group_ref idref="lg-21"/>
            </allocated_space>
         </usage_details>
      </memory_area>
      <memory_area display="no" color="green">
         <name>INT15</name>
         <page_id>0x0</page_id>
         <origin>0xffde</origin>
         <length>0x2</length>
         <used_space>0x2</used_space>
         <unused_space>0x0</unused_space>
         <attributes>RWIX</attributes>
         <usage_details>
            <allocated_space>
               <start_address>0xffde</start_address>
               <size>0x2</size>
               <logical_group_ref idref="lg-23"/>
            </allocated_space>
         </usage_details>
      </memory_area>
      <memory_area display="no" color="green">
         <name>INT16</name>
         <page_id>0x0</page_id>
         <origin>0xffe0</origin>
         <length>0x2</length>
         <used_space>0x2</used_space>
         <unused_space>0x0</unused_space>
         <attributes>RWIX</attributes>
         <usage_details>
            <allocated_space>
               <start_address>0xffe0</start_address>
               <size>0x2</size>
               <logical_group_ref idref="lg-25"/>
            </allocated_space>
         </usage_details>
      </memory_area>
      <memory_area display="no" color="green">
         <name>INT17</name>
         <page_id>0x0</page_id>
         <origin>0xffe2</origin>
         <length>0x2</length>
         <used_space>0x2</used_space>
         <unused_space>0x0</unused_space>
         <attributes>RWIX</attributes>
         <usage_details>
            <allocated_space>
               <start_address>0xffe2</start_address>
               <size>0x2</size>
               <logical_group_ref idref="lg-27"/>
            </allocated_space>
         </usage_details>
      </memory_area>
      <memory_area display="no" color="green">
         <name>INT18</name>
         <page_id>0x0</page_id>
         <origin>0xffe4</origin>
         <length>0x2</length>
         <used_space>0x2</used_space>
         <unused_space>0x0</unused_space>
         <attributes>RWIX</attributes>
         <usage_details>
            <allocated_space>
               <start_address>0xffe4</start_address>
               <size>0x2</size>
               <logical_group_ref idref="lg-29"/>
            </allocated_space>
         </usage_details>
      </memory_area>
      <memory_area display="no" color="green">
         <name>INT19</name>
         <page_id>0x0</page_id>
         <origin>0xffe6</origin>
         <length>0x2</length>
         <used_space>0x2</used_space>
         <unused_space>0x0</unused_space>
         <attributes>RWIX</attributes>
         <usage_details>
            <allocated_space>
               <start_address>0xffe6</start_address>
               <size>0x2</size>
               <logical_group_ref idref="lg-2b"/>
            </allocated_space>
         </usage_details>
      </memory_area>
      <memory_area display="no" color="green">
         <name>INT20</name>
         <page_id>0x0</page_id>
         <origin>0xffe8</origin>
         <length>0x2</length>
         <used_space>0x2</used_space>
         <unused_space>0x0</unused_space>
         <attributes>RWIX</attributes>
         <usage_details>
            <allocated_space>
               <start_address>0xffe8</start_address>
               <size>0x2</size>
               <logical_group_ref idref="lg-2d"/>
            </allocated_space>
         </usage_details>
      </memory_area>
      <memory_area display="no" color="green">
         <name>INT21</name>
         <page_id>0x0</page_id>
         <origin>0xffea</origin>
         <length>0x2</length>
         <used_space>0x2</used_space>
         <unused_space>0x0</unused_space>
         <attributes>RWIX</attributes>
         <usage_details>
            <allocated_space>
               <start_address>0xffea</start_address>
               <size>0x2</size>
               <logical_group_ref idref="lg-2f"/>
            </allocated_space>
         </usage_details>
      </memory_area>
      <memory_area display="no" color="green">
         <name>INT22</name>
         <page_id>0x0</page_id>
         <origin>0xffec</origin>
         <length>0x2</length>
         <used_space>0x2</used_space>
         <unused_space>0x0</unused_space>
         <attributes>RWIX</attributes>
         <usage_details>
            <allocated_space>
               <start_address>0xffec</start_address>
               <size>0x2</size>
               <logical_group_ref idref="lg-31"/>
            </allocated_space>
         </usage_details>
      </memory_area>
      <memory_area display="no" color="green">
         <name>INT23</name>
         <page_id>0x0</page_id>
         <origin>0xffee</origin>
         <length>0x2</length>
         <used_space>0x2</used_space>
         <unused_space>0x0</unused_space>
         <attributes>RWIX</attributes>
         <usage_details>
            <allocated_space>
               <start_address>0xffee</start_address>
               <size>0x2</size>
               <logical_group_ref idref="lg-33"/>
            </allocated_space>
         </usage_details>
      </memory_area>
      <memory_area display="no" color="green">
         <name>INT24</name>
         <page_id>0x0</page_id>
         <origin>0xfff0</origin>
         <length>0x2</length>
         <used_space>0x2</used_space>
         <unused_space>0x0</unused_space>
         <attributes>RWIX</attributes>
         <usage_details>
            <allocated_space>
               <start_address>0xfff0</start_address>
               <size>0x2</size>
               <logical_group_ref idref="lg-35"/>
            </allocated_space>
         </usage_details>
      </memory_area>
      <memory_area display="no" color="green">
         <name>INT25</name>
         <page_id>0x0</page_id>
         <origin>0xfff2</origin>
         <length>0x2</length>
         <used_space>0x2</used_space>
         <unused_space>0x0</unused_space>
         <attributes>RWIX</attributes>
         <usage_details>
            <allocated_space>
               <start_address>0xfff2</start_address>
               <size>0x2</size>
               <logical_group_ref idref="lg-37"/>
            </allocated_space>
         </usage_details>
      </memory_area>
      <memory_area display="no" color="green">
         <name>INT26</name>
         <page_id>0x0</page_id>
         <origin>0xfff4</origin>
         <length>0x2</length>
         <used_space>0x2</used_space>
         <unused_space>0x0</unused_space>
         <attributes>RWIX</attributes>
         <usage_details>
            <allocated_space>
               <start_address>0xfff4</start_address>
               <size>0x2</size>
               <logical_group_ref idref="lg-39"/>
            </allocated_space>
         </usage_details>
      </memory_area>
      <memory_area display="no" color="green">
         <name>INT27</name>
         <page_id>0x0</page_id>
         <origin>0xfff6</origin>
         <length>0x2</length>
         <used_space>0x2</used_space>
         <unused_space>0x0</unused_space>
         <attributes>RWIX</attributes>
         <usage_details>
            <allocated_space>
               <start_address>0xfff6</start_address>
               <size>0x2</size>
               <logical_group_ref idref="lg-3b"/>
            </allocated_space>
         </usage_details>
      </memory_area>
      <memory_area display="no" color="green">
         <name>INT28</name>
         <page_id>0x0</page_id>
         <origin>0xfff8</origin>
         <length>0x2</length>
         <used_space>0x2</used_space>
         <unused_space>0x0</unused_space>
         <attributes>RWIX</attributes>
         <usage_details>
            <allocated_space>
               <start_address>0xfff8</start_address>
               <size>0x2</size>
               <logical_group_ref idref="lg-3d"/>
            </allocated_space>
         </usage_details>
      </memory_area>
      <memory_area display="no" color="green">
         <name>INT29</name>
         <page_id>0x0</page_id>
         <origin>0xfffa</origin>
         <length>0x2</length>
         <used_space>0x2</used_space>
         <unused_space>0x0</unused_space>
         <attributes>RWIX</attributes>
         <usage_details>
            <allocated_space>
               <start_address>0xfffa</start_address>
               <size>0x2</size>
               <logical_group_ref idref="lg-3f"/>
            </allocated_space>
         </usage_details>
      </memory_area>
      <memory_area display="no" color="green">
         <name>INT30</name>
         <page_id>0x0</page_id>
         <origin>0xfffc</origin>
         <length>0x2</length>
         <used_space>0x2</used_space>
         <unused_space>0x0</unused_space>
         <attributes>RWIX</attributes>
         <usage_details>
            <allocated_space>
               <start_address>0xfffc</start_address>
               <size>0x2</size>
               <logical_group_ref idref="lg-41"/>
            </allocated_space>
         </usage_details>
      </memory_area>
      <memory_area display="no" color="green">
         <name>RESET</name>
         <page_id>0x0</page_id>
         <origin>0xfffe</origin>
         <length>0x2</length>
         <used_space>0x2</used_space>
         <unused_space>0x0</unused_space>
         <attributes>RWIX</attributes>
         <usage_details>
            <allocated_space>
               <start_address>0xfffe</start_address>
               <size>0x2</size>
               <logical_group_ref idref="lg-43"/>
            </allocated_space>
         </usage_details>
      </memory_area>
      <memory_area display="yes" color="green">
         <name>FLASH2</name>
         <page_id>0x0</page_id>
         <origin>0x10000</origin>
         <length>0x10000</length>
         <used_space>0x162</used_space>
         <unused_space>0xfe9e</unused_space>
         <attributes>RWIX</attributes>
         <usage_details>
            <allocated_space>
               <start_address>0x10000</start_address>
               <size>0x162</size>
               <logical_group_ref idref="lg-1bf"/>
            </allocated_space>
            <available_space>
               <start_address>0x10162</start_address>
               <size>0xfe9e</size>
            </available_space>
         </usage_details>
      </memory_area>
   </placement_map>
   <symbol_table>
      <symbol id="sm-1">
         <name>IE1</name>
[...]
      </symbol>
      <symbol id="sm-69">
         <name>LCDM4</name>
         <value>0x94</value>
      </symbol>
      <symbol id="sm-6a">
         <name>LCDM5</name>
         <value>0x95</value>
      </symbol>
      <symbol id="sm-6b">
         <name>LCDM6</name>
         <value>0x96</value>
      </symbol>
      <symbol id="sm-6c">
         <name>LCDM7</name>
         <value>0x97</value>
      </symbol>
      <symbol id="sm-6d">
         <name>LCDM8</name>
         <value>0x98</value>
      </symbol>
      <symbol id="sm-6e">
         <name>LCDM9</name>
         <value>0x99</value>
      </symbol>
      <symbol id="sm-6f">
         <name>LCDM10</name>
         <value>0x9a</value>
      </symbol>
      <symbol id="sm-70">
         <name>LCDM11</name>
         <value>0x9b</value>
      </symbol>
      <symbol id="sm-71">
         <name>LCDM12</name>
         <value>0x9c</value>
      </symbol>
      <symbol id="sm-72">
         <name>LCDM13</name>
         <value>0x9d</value>
      </symbol>
      <symbol id="sm-73">
         <name>LCDM14</name>
         <value>0x9e</value>
      </symbol>
      <symbol id="sm-74">
         <name>LCDM15</name>
         <value>0x9f</value>
      </symbol>
      <symbol id="sm-75">
         <name>LCDM16</name>
         <value>0xa0</value>
      </symbol>
      <symbol id="sm-76">
         <name>LCDM17</name>
         <value>0xa1</value>
      </symbol>
      <symbol id="sm-77">
         <name>LCDM18</name>
         <value>0xa2</value>
      </symbol>
      <symbol id="sm-78">
         <name>LCDM19</name>
         <value>0xa3</value>
      </symbol>
      <symbol id="sm-79">
         <name>LCDM20</name>
         <value>0xa4</value>
      </symbol>
      <symbol id="sm-7a">
         <name>MPY</name>
         <value>0x130</value>
      </symbol>
      <symbol id="sm-7b">
         <name>MPYS</name>
         <value>0x132</value>
      </symbol>
      <symbol id="sm-7c">
         <name>MAC</name>
         <value>0x134</value>
      </symbol>
      <symbol id="sm-7d">
         <name>MACS</name>
         <value>0x136</value>
      </symbol>
      <symbol id="sm-7e">
         <name>OP2</name>
         <value>0x138</value>
      </symbol>
      <symbol id="sm-7f">
         <name>RESLO</name>
         <value>0x13a</value>
      </symbol>
      <symbol id="sm-80">
         <name>RESHI</name>
         <value>0x13c</value>
      </symbol>
      <symbol id="sm-81">
         <name>SUMEXT</name>
         <value>0x13e</value>
      </symbol>
      <symbol id="sm-82">
         <name>OA0CTL0</name>
         <value>0xc0</value>
      </symbol>
      <symbol id="sm-83">
         <name>OA0CTL1</name>
         <value>0xc1</value>
      </symbol>
      <symbol id="sm-84">
         <name>OA1CTL0</name>
         <value>0xc2</value>
      </symbol>
      <symbol id="sm-85">
         <name>OA1CTL1</name>
         <value>0xc3</value>
      </symbol>
      <symbol id="sm-86">
         <name>OA2CTL0</name>
         <value>0xc4</value>
      </symbol>
      <symbol id="sm-87">
         <name>OA2CTL1</name>
         <value>0xc5</value>
      </symbol>
      <symbol id="sm-88">
         <name>P1IN</name>
         <value>0x20</value>
      </symbol>
      <symbol id="sm-89">
         <name>P1OUT</name>
         <value>0x21</value>
      </symbol>
      <symbol id="sm-8a">
         <name>P1DIR</name>
         <value>0x22</value>
      </symbol>
      <symbol id="sm-8b">
         <name>P1IFG</name>
         <value>0x23</value>
      </symbol>
      <symbol id="sm-8c">
         <name>P1IES</name>
         <value>0x24</value>
      </symbol>
      <symbol id="sm-8d">
         <name>P1IE</name>
         <value>0x25</value>
      </symbol>
      <symbol id="sm-8e">
         <name>P1SEL</name>
         <value>0x26</value>
      </symbol>
      <symbol id="sm-8f">
         <name>P2IN</name>
         <value>0x28</value>
      </symbol>
      <symbol id="sm-90">
         <name>P2OUT</name>
         <value>0x29</value>
      </symbol>
      <symbol id="sm-91">
         <name>P2DIR</name>
         <value>0x2a</value>
      </symbol>
      <symbol id="sm-92">
         <name>P2IFG</name>
         <value>0x2b</value>
      </symbol>
      <symbol id="sm-93">
         <name>P2IES</name>
         <value>0x2c</value>
      </symbol>
      <symbol id="sm-94">
         <name>P2IE</name>
         <value>0x2d</value>
      </symbol>
      <symbol id="sm-95">
         <name>P2SEL</name>
         <value>0x2e</value>
      </symbol>
      <symbol id="sm-96">
         <name>P3IN</name>
         <value>0x18</value>
      </symbol>
      <symbol id="sm-97">
         <name>P3OUT</name>
         <value>0x19</value>
      </symbol>
      <symbol id="sm-98">
         <name>P3DIR</name>
         <value>0x1a</value>
      </symbol>
      <symbol id="sm-99">
         <name>P3SEL</name>
         <value>0x1b</value>
      </symbol>
      <symbol id="sm-9a">
         <name>P4IN</name>
         <value>0x1c</value>
      </symbol>
      <symbol id="sm-9b">
         <name>P4OUT</name>
         <value>0x1d</value>
      </symbol>
      <symbol id="sm-9c">
         <name>P4DIR</name>
         <value>0x1e</value>
      </symbol>
      <symbol id="sm-9d">
         <name>P4SEL</name>
         <value>0x1f</value>
      </symbol>
      <symbol id="sm-9e">
         <name>P5IN</name>
         <value>0x30</value>
      </symbol>
      <symbol id="sm-9f">
         <name>P5OUT</name>
         <value>0x31</value>
      </symbol>
      <symbol id="sm-a0">
         <name>P5DIR</name>
         <value>0x32</value>
      </symbol>
      <symbol id="sm-a1">
         <name>P5SEL</name>
         <value>0x33</value>
      </symbol>
      <symbol id="sm-a2">
         <name>P6IN</name>
         <value>0x34</value>
      </symbol>
      <symbol id="sm-a3">
         <name>P6OUT</name>
         <value>0x35</value>
      </symbol>
      <symbol id="sm-a4">
         <name>P6DIR</name>
         <value>0x36</value>
      </symbol>
      <symbol id="sm-a5">
         <name>P6SEL</name>
         <value>0x37</value>
      </symbol>
      <symbol id="sm-a6">
         <name>P7IN</name>
         <value>0x38</value>
      </symbol>
      <symbol id="sm-a7">
         <name>P7OUT</name>
         <value>0x3a</value>
      </symbol>
      <symbol id="sm-a8">
         <name>P7DIR</name>
         <value>0x3c</value>
      </symbol>
      <symbol id="sm-a9">
         <name>P7SEL</name>
         <value>0x3e</value>
      </symbol>
      <symbol id="sm-aa">
         <name>P8IN</name>
         <value>0x39</value>
      </symbol>
      <symbol id="sm-ab">
         <name>P8OUT</name>
         <value>0x3b</value>
      </symbol>
      <symbol id="sm-ac">
         <name>P8DIR</name>
         <value>0x3d</value>
      </symbol>
      <symbol id="sm-ad">
         <name>P8SEL</name>
         <value>0x3f</value>
      </symbol>
      <symbol id="sm-ae">
         <name>PAIN</name>
         <value>0x38</value>
      </symbol>
      <symbol id="sm-af">
         <name>PAOUT</name>
         <value>0x3a</value>
      </symbol>
      <symbol id="sm-b0">
         <name>PADIR</name>
         <value>0x3c</value>
      </symbol>
      <symbol id="sm-b1">
         <name>PASEL</name>
         <value>0x3e</value>
      </symbol>
      <symbol id="sm-b2">
         <name>P9IN</name>
         <value>0x8</value>
      </symbol>
      <symbol id="sm-b3">
         <name>P9OUT</name>
         <value>0xa</value>
      </symbol>
      <symbol id="sm-b4">
         <name>P9DIR</name>
         <value>0xc</value>
      </symbol>
      <symbol id="sm-b5">
         <name>P9SEL</name>
         <value>0xe</value>
      </symbol>
      <symbol id="sm-b6">
         <name>P10IN</name>
         <value>0x9</value>
      </symbol>
      <symbol id="sm-b7">
         <name>P10OUT</name>
         <value>0xb</value>
      </symbol>
      <symbol id="sm-b8">
         <name>P10DIR</name>
         <value>0xd</value>
      </symbol>
      <symbol id="sm-b9">
         <name>P10SEL</name>
         <value>0xf</value>
      </symbol>
      <symbol id="sm-ba">
         <name>PBIN</name>
         <value>0x8</value>
      </symbol>
      <symbol id="sm-bb">
         <name>PBOUT</name>
         <value>0xa</value>
      </symbol>
      <symbol id="sm-bc">
         <name>PBDIR</name>
         <value>0xc</value>
      </symbol>
      <symbol id="sm-bd">
         <name>PBSEL</name>
         <value>0xe</value>
      </symbol>
      <symbol id="sm-be">
         <name>SVSCTL</name>
         <value>0x56</value>
      </symbol>
      <symbol id="sm-bf">
         <name>TAIV</name>
         <value>0x12e</value>
      </symbol>
      <symbol id="sm-c0">
         <name>TACTL</name>
         <value>0x160</value>
      </symbol>
      <symbol id="sm-c1">
         <name>TACCTL0</name>
         <value>0x162</value>
      </symbol>
      <symbol id="sm-c2">
         <name>TACCTL1</name>
         <value>0x164</value>
      </symbol>
      <symbol id="sm-c3">
         <name>TACCTL2</name>
         <value>0x166</value>
      </symbol>
      <symbol id="sm-c4">
         <name>TAR</name>
         <value>0x170</value>
      </symbol>
      <symbol id="sm-c5">
         <name>TACCR0</name>
         <value>0x172</value>
      </symbol>
      <symbol id="sm-c6">
         <name>TACCR1</name>
         <value>0x174</value>
      </symbol>
      <symbol id="sm-c7">
         <name>TACCR2</name>
         <value>0x176</value>
      </symbol>
      <symbol id="sm-c8">
         <name>TBIV</name>
         <value>0x11e</value>
      </symbol>
      <symbol id="sm-c9">
         <name>TBCTL</name>
         <value>0x180</value>
      </symbol>
      <symbol id="sm-ca">
         <name>TBCCTL0</name>
         <value>0x182</value>
      </symbol>
      <symbol id="sm-cb">
         <name>TBCCTL1</name>
         <value>0x184</value>
      </symbol>
      <symbol id="sm-cc">
         <name>TBCCTL2</name>
         <value>0x186</value>
      </symbol>
      <symbol id="sm-cd">
         <name>TBCCTL3</name>
         <value>0x188</value>
      </symbol>
      <symbol id="sm-ce">
         <name>TBCCTL4</name>
         <value>0x18a</value>
      </symbol>
      <symbol id="sm-cf">
         <name>TBCCTL5</name>
         <value>0x18c</value>
      </symbol>
      <symbol id="sm-d0">
         <name>TBCCTL6</name>
         <value>0x18e</value>
      </symbol>
      <symbol id="sm-d1">
         <name>TBR</name>
         <value>0x190</value>
      </symbol>
      <symbol id="sm-d2">
         <name>TBCCR0</name>
         <value>0x192</value>
      </symbol>
      <symbol id="sm-d3">
         <name>TBCCR1</name>
         <value>0x194</value>
      </symbol>
      <symbol id="sm-d4">
         <name>TBCCR2</name>
         <value>0x196</value>
      </symbol>
      <symbol id="sm-d5">
         <name>TBCCR3</name>
         <value>0x198</value>
      </symbol>
      <symbol id="sm-d6">
         <name>TBCCR4</name>
         <value>0x19a</value>
      </symbol>
      <symbol id="sm-d7">
         <name>TBCCR5</name>
         <value>0x19c</value>
      </symbol>
      <symbol id="sm-d8">
         <name>TBCCR6</name>
         <value>0x19e</value>
      </symbol>
      <symbol id="sm-d9">
         <name>UCA0CTL0</name>
         <value>0x60</value>
      </symbol>
      <symbol id="sm-da">
         <name>UCA0CTL1</name>
         <value>0x61</value>
      </symbol>
      <symbol id="sm-db">
         <name>UCA0BR0</name>
         <value>0x62</value>
      </symbol>
      <symbol id="sm-dc">
         <name>UCA0BR1</name>
         <value>0x63</value>
      </symbol>
      <symbol id="sm-dd">
         <name>UCA0MCTL</name>
         <value>0x64</value>
      </symbol>
      <symbol id="sm-de">
         <name>UCA0STAT</name>
         <value>0x65</value>
      </symbol>
      <symbol id="sm-df">
         <name>UCA0RXBUF</name>
         <value>0x66</value>
      </symbol>
      <symbol id="sm-e0">
         <name>UCA0TXBUF</name>
         <value>0x67</value>
      </symbol>
      <symbol id="sm-e1">
         <name>UCA0ABCTL</name>
         <value>0x5d</value>
      </symbol>
      <symbol id="sm-e2">
         <name>UCA0IRTCTL</name>
         <value>0x5e</value>
      </symbol>
      <symbol id="sm-e3">
         <name>UCA0IRRCTL</name>
         <value>0x5f</value>
      </symbol>
      <symbol id="sm-e4">
         <name>UCB0CTL0</name>
         <value>0x68</value>
      </symbol>
      <symbol id="sm-e5">
         <name>UCB0CTL1</name>
         <value>0x69</value>
      </symbol>
      <symbol id="sm-e6">
         <name>UCB0BR0</name>
         <value>0x6a</value>
      </symbol>
      <symbol id="sm-e7">
         <name>UCB0BR1</name>
         <value>0x6b</value>
      </symbol>
      <symbol id="sm-e8">
         <name>UCB0I2CIE</name>
         <value>0x6c</value>
      </symbol>
      <symbol id="sm-e9">
         <name>UCB0STAT</name>
         <value>0x6d</value>
      </symbol>
      <symbol id="sm-ea">
         <name>UCB0RXBUF</name>
         <value>0x6e</value>
      </symbol>
      <symbol id="sm-eb">
         <name>UCB0TXBUF</name>
         <value>0x6f</value>
      </symbol>
      <symbol id="sm-ec">
         <name>UCB0I2COA</name>
         <value>0x118</value>
      </symbol>
      <symbol id="sm-ed">
         <name>UCB0I2CSA</name>
         <value>0x11a</value>
      </symbol>
      <symbol id="sm-ee">
         <name>U1CTL</name>
         <value>0x78</value>
      </symbol>
      <symbol id="sm-ef">
         <name>U1TCTL</name>
         <value>0x79</value>
      </symbol>
      <symbol id="sm-f0">
         <name>U1RCTL</name>
         <value>0x7a</value>
      </symbol>
      <symbol id="sm-f1">
         <name>U1MCTL</name>
         <value>0x7b</value>
      </symbol>
      <symbol id="sm-f2">
         <name>U1BR0</name>
         <value>0x7c</value>
      </symbol>
      <symbol id="sm-f3">
         <name>U1BR1</name>
         <value>0x7d</value>
      </symbol>
      <symbol id="sm-f4">
         <name>U1RXBUF</name>
         <value>0x7e</value>
      </symbol>
      <symbol id="sm-f5">
         <name>U1TXBUF</name>
         <value>0x7f</value>
      </symbol>
      <symbol id="sm-f6">
         <name>WDTCTL</name>
         <value>0x120</value>
      </symbol>
      <symbol id="sm-f7">
         <name>binit</name>
         <value>0xffffffff</value>
      </symbol>
      <symbol id="sm-f8">
         <name>__binit__</name>
         <value>0xffffffff</value>
      </symbol>
      <symbol id="sm-f9">
         <name>__STACK_SIZE</name>
         <value>0x50</value>
      </symbol>
      <symbol id="sm-fa">
         <name>__STACK_END</name>
         <value>0x2100</value>
      </symbol>
      <symbol id="sm-fb">
         <name>__c_args__</name>
         <value>0xffffffff</value>
      </symbol>
      <symbol id="sm-14a">
         <name>main</name>
         <value>0x1013c</value>
         <object_component_ref idref="oc-ee"/>
      </symbol>
      <symbol id="sm-15d">
         <name>XT2_Init</name>
         <value>0x100e6</value>
         <object_component_ref idref="oc-136"/>
      </symbol>
      <symbol id="sm-15e">
         <name>GPIO_Init</name>
         <value>0x10000</value>
         <object_component_ref idref="oc-13c"/>
      </symbol>
      <symbol id="sm-16b">
         <name>sw_delay_100ms</name>
         <value>0x1011a</value>
         <object_component_ref idref="oc-142"/>
      </symbol>
      <symbol id="sm-175">
         <name>_stack</name>
         <value>0x20b0</value>
         <object_component_ref idref="oc-a4"/>
      </symbol>
      <symbol id="sm-176">
         <name>_reset_vector</name>
         <value>0xfffe</value>
         <object_component_ref idref="oc-a7"/>
      </symbol>
      <symbol id="sm-181">
         <name>_c_int00_noargs_noexit</name>
         <value>0x2100</value>
         <object_component_ref idref="oc-80"/>
      </symbol>
      <symbol id="sm-190">
         <name>C$$EXIT</name>
         <value>0x1015e</value>
         <object_component_ref idref="oc-f6"/>
      </symbol>
      <symbol id="sm-191">
         <name>abort</name>
         <value>0x1015e</value>
         <object_component_ref idref="oc-f6"/>
      </symbol>
      <symbol id="sm-195">
         <name>__TI_int14</name>
         <value>0xffdc</value>
         <object_component_ref idref="oc-51"/>
      </symbol>
      <symbol id="sm-198">
         <name>__TI_int15</name>
         <value>0xffde</value>
         <object_component_ref idref="oc-52"/>
      </symbol>
      <symbol id="sm-19b">
         <name>__TI_int16</name>
         <value>0xffe0</value>
         <object_component_ref idref="oc-53"/>
      </symbol>
      <symbol id="sm-19e">
         <name>__TI_int17</name>
         <value>0xffe2</value>
         <object_component_ref idref="oc-54"/>
      </symbol>
      <symbol id="sm-1a1">
         <name>__TI_int18</name>
         <value>0xffe4</value>
         <object_component_ref idref="oc-55"/>
      </symbol>
      <symbol id="sm-1a4">
         <name>__TI_int19</name>
         <value>0xffe6</value>
         <object_component_ref idref="oc-56"/>
      </symbol>
      <symbol id="sm-1a7">
         <name>__TI_int20</name>
         <value>0xffe8</value>
         <object_component_ref idref="oc-57"/>
      </symbol>
      <symbol id="sm-1aa">
         <name>__TI_int21</name>
         <value>0xffea</value>
         <object_component_ref idref="oc-58"/>
      </symbol>
      <symbol id="sm-1ad">
         <name>__TI_int22</name>
         <value>0xffec</value>
         <object_component_ref idref="oc-59"/>
      </symbol>
      <symbol id="sm-1b0">
         <name>__TI_int23</name>
         <value>0xffee</value>
         <object_component_ref idref="oc-5a"/>
      </symbol>
      <symbol id="sm-1b3">
         <name>__TI_int24</name>
         <value>0xfff0</value>
         <object_component_ref idref="oc-5b"/>
      </symbol>
      <symbol id="sm-1b6">
         <name>__TI_int25</name>
         <value>0xfff2</value>
         <object_component_ref idref="oc-5c"/>
      </symbol>
      <symbol id="sm-1b9">
         <name>__TI_int26</name>
         <value>0xfff4</value>
         <object_component_ref idref="oc-5d"/>
      </symbol>
      <symbol id="sm-1bc">
         <name>__TI_int27</name>
         <value>0xfff6</value>
         <object_component_ref idref="oc-5e"/>
      </symbol>
      <symbol id="sm-1bf">
         <name>__TI_int28</name>
         <value>0xfff8</value>
         <object_component_ref idref="oc-5f"/>
      </symbol>
      <symbol id="sm-1c2">
         <name>__TI_int29</name>
         <value>0xfffa</value>
         <object_component_ref idref="oc-60"/>
      </symbol>
      <symbol id="sm-1c5">
         <name>__TI_int30</name>
         <value>0xfffc</value>
         <object_component_ref idref="oc-61"/>
      </symbol>
      <symbol id="sm-1cd">
         <name>__TI_ISR_TRAP</name>
         <value>0x211a</value>
         <object_component_ref idref="oc-c2"/>
      </symbol>
      <symbol id="sm-200">
         <name>_system_pre_init</name>
         <value>0x1015a</value>
         <object_component_ref idref="oc-ce"/>
      </symbol>
      <symbol id="sm-21f">
         <name>_auto_init_hold_wdt</name>
         <value>0x1007a</value>
         <object_component_ref idref="oc-d4"/>
      </symbol>
      <symbol id="sm-220">
         <name>__TI_Handler_Table_Base</name>
         <value>0x0</value>
      </symbol>
      <symbol id="sm-221">
         <name>__TI_Handler_Table_Limit</name>
         <value>0x0</value>
      </symbol>
      <symbol id="sm-222">
         <name>__TI_CINIT_Base</name>
         <value>0x0</value>
      </symbol>
      <symbol id="sm-223">
         <name>__TI_CINIT_Limit</name>
         <value>0x0</value>
      </symbol>
      <symbol id="sm-224">
         <name>__TI_INITARRAY_Base</name>
         <value>0x0</value>
      </symbol>
      <symbol id="sm-225">
         <name>__TI_INITARRAY_Limit</name>
         <value>0x0</value>
      </symbol>
   </symbol_table>
   <title>Link successful</title>
</link_info>
